Traceback (most recent call last):
  File "/tmp/astravus_handoff_candidate.py", line 42, in until
    while not await value(expression):await asyncio.sleep(.1)
                                      ^^^^^^^^^^^^^^^^^^^^^^^
  File "/home/kir/miniconda3/lib/python3.13/asyncio/tasks.py", line 718, in sleep
    return await future
           ^^^^^^^^^^^^
asyncio.exceptions.CancelledError

The above exception was the direct cause of the following exception:

Traceback (most recent call last):
  File "/tmp/astravus_handoff_candidate.py", line 109, in <module>
    if __name__=='__main__':asyncio.run(run())
                            ~~~~~~~~~~~^^^^^^^
  File "/home/kir/miniconda3/lib/python3.13/asyncio/runners.py", line 195, in run
    return runner.run(main)
           ~~~~~~~~~~^^^^^^
  File "/home/kir/miniconda3/lib/python3.13/asyncio/runners.py", line 118, in run
    return self._loop.run_until_complete(task)
           ~~~~~~~~~~~~~~~~~~~~~~~~~~~~~^^^^^^
  File "/home/kir/miniconda3/lib/python3.13/asyncio/base_events.py", line 725, in run_until_complete
    return future.result()
           ~~~~~~~~~~~~~^^
  File "/tmp/astravus_handoff_candidate.py", line 83, in run
    await until('scene_key=="mural_remembrance" and bool(renpy.get_screen("say")) and not renpy.context()._menu')
  File "/tmp/astravus_handoff_candidate.py", line 41, in until
    async with asyncio.timeout(seconds):
               ~~~~~~~~~~~~~~~^^^^^^^^^
  File "/home/kir/miniconda3/lib/python3.13/asyncio/timeouts.py", line 116, in __aexit__
    raise TimeoutError from exc_val
TimeoutError
