Browser cache passed: stale copy replaced online; refreshed copy remains available offline.
Browser scene 01/32: first_memory
Browser scene 02/32: garden
Browser scene 03/32: plant_disagreement
Browser scene 04/32: workshop_first
Browser scene 05/32: music_first
Browser scene 06/32: dorian_stories
Browser scene 07/32: sage_story
Browser scene 08/32: family_rhythm
Browser sprite rendering: 67.6 fps, p95 20.0ms for 2 actors in software WebGL.
Browser scene 09/32: tree_echoes
Browser scene 10/32: pond_scare
Browser scene 11/32: soup_experiment
Browser scene 12/32: festival_lights
Browser scene 13/32: meeting_cassia
Browser scene 14/32: cassia_home
Browser scene 15/32: meeting_joren
Browser scene 16/32: joren_home
Browser scene 17/32: kaleb_walk
Browser scene 18/32: treehouse
Browser scene 19/32: rain_refuge
Browser scene 20/32: waterwheel
Browser scene 21/32: outer_exploration
Browser scene 22/32: lyra_included
Browser scene 23/32: dome_ascent
Browser scene 24/32: treehouse_dispute
Browser scene 25/32: loss
Browser scene 26/32: family_grief
Browser scene 27/32: painting_grief
Browser scene 28/32: cassia_grief
Browser scene 29/32: community_memorial
Browser scene 30/32: mural_remembrance
Browser scene 31/32: treehouse_remembrance
Traceback (most recent call last):
  File "/home/kir/Documents/Projects/astravus-visual-novel/Astravus/visual-novel/scripts/browser_smoke.py", line 122, in until
    await asyncio.sleep(.1)
  File "/home/kir/miniconda3/lib/python3.13/asyncio/tasks.py", line 718, in sleep
    return await future
           ^^^^^^^^^^^^
asyncio.exceptions.CancelledError

The above exception was the direct cause of the following exception:

Traceback (most recent call last):
  File "/home/kir/Documents/Projects/astravus-visual-novel/Astravus/visual-novel/scripts/browser_smoke.py", line 118, in until
    async with asyncio.timeout(seconds):
               ~~~~~~~~~~~~~~~^^^^^^^^^
  File "/home/kir/miniconda3/lib/python3.13/asyncio/timeouts.py", line 116, in __aexit__
    raise TimeoutError from exc_val
TimeoutError

The above exception was the direct cause of the following exception:

Traceback (most recent call last):
  File "/home/kir/Documents/Projects/astravus-visual-novel/Astravus/visual-novel/scripts/browser_smoke.py", line 766, in <module>
    asyncio.run(check(parser.parse_args().url))
    ~~~~~~~~~~~^^^^^^^^^^^^^^^^^^^^^^^^^^^^^^^^
  File "/home/kir/miniconda3/lib/python3.13/asyncio/runners.py", line 195, in run
    return runner.run(main)
           ~~~~~~~~~~^^^^^^
  File "/home/kir/miniconda3/lib/python3.13/asyncio/runners.py", line 118, in run
    return self._loop.run_until_complete(task)
           ~~~~~~~~~~~~~~~~~~~~~~~~~~~~~^^^^^^
  File "/home/kir/miniconda3/lib/python3.13/asyncio/base_events.py", line 725, in run_until_complete
    return future.result()
           ~~~~~~~~~~~~~^^
  File "/home/kir/Documents/Projects/astravus-visual-novel/Astravus/visual-novel/scripts/browser_smoke.py", line 613, in check
    await until('renpy.music.get_playing(channel="ambience") == "audio/rain.ogg"', seconds=10)
  File "/home/kir/Documents/Projects/astravus-visual-novel/Astravus/visual-novel/scripts/browser_smoke.py", line 131, in until
    raise AssertionError(f"Browser condition timed out: {diagnostic}") from error
AssertionError: Browser condition timed out: {'expression': 'renpy.music.get_playing(channel="ambience") == "audio/rain.ogg"', 'timeout_seconds': 10, 'state': {'end': False, 'say': True, 'afterword': False, 'scene': 'treehouse_remembrance', 'number': 31, 'visited': ['first_memory', 'garden', 'plant_disagreement', 'workshop_first', 'music_first', 'dorian_stories', 'sage_story', 'family_rhythm', 'tree_echoes', 'pond_scare', 'soup_experiment', 'festival_lights', 'meeting_cassia', 'cassia_home', 'meeting_joren', 'joren_home', 'kaleb_walk', 'treehouse', 'rain_refuge', 'waterwheel', 'outer_exploration', 'lyra_included', 'dome_ascent', 'treehouse_dispute', 'loss', 'family_grief', 'painting_grief', 'cassia_grief', 'community_memorial', 'mural_remembrance', 'treehouse_remembrance'], 'known': True, 'lost': True, 'stage': 'later', 'met_cassia': True, 'met_joren': True, 'bg': 'treehouse_memory', 'cg': '', 'calista': None, 'cassia': None, 'joren': None, 'music': 'audio/painting_theme.ogg', 'ambience': 'audio/garden_air.ogg', 'sound': None, 'text': "We brought new drawings to the treehouse, and messages to Joren. There were still maps we hadn't finished. We made room for both.", 'speaker': None, 'portrait': None, 'portrait_visible': False, 'visible_actors': [], 'people': ['Cali', 'Maia', 'Kael', 'Arin', 'Selene', 'Dorian', 'Lyra', 'Sage', 'Cassia', 'Thalia', 'Lyron', 'Joren', 'Soren', 'Kaleb'], 'glossary': {'astraviin': {'title': 'Astraviin', 'description': 'The people who live within and share a close bond with an Astravus. Cali and her community are Astraviin.', 'level': 0}, 'astravus': {'title': 'Astravus', 'description': "A great living ship that travels through the cosmos and is home to a community. In Sage's story, Aria, Bram, and Cora live aboard one.", 'level': 0}, 'constellation': {'title': 'Constellation', 'description': "A committed romantic partnership among adults. Cali's five parents form a constellation; the family they raise together also includes their children and animal companions.", 'level': 0}, 'familiar': {'title': 'Familiar', 'description': "An animal companion who shares a family's daily life and is treated as a member of the family. Shadow, Barkley, and Nibble are Cali's household familiars.", 'level': 0}, 'first_breath': {'title': 'First Breath', 'description': "A child's birth and welcome into the community. Cali's parents remember her First Breath at the Sanctuary.", 'level': 0}, 'lumen': {'title': 'Lumen', 'description': "Cali's home: a young, living Astravus, the child of Aurora and Nyx. Its gardens, paths, and gathering places are part of the world its residents share.", 'level': 1}, 'sanctuary': {'title': 'Sanctuary', 'description': "The place where children are born and welcomed by their waiting parents. Cali's parents brought her home from the Sanctuary.", 'level': 0}, 'transcendence': {'title': 'Transcendence', 'description': "Joining with one's Astravus. In Cali's world, this is the familiar course of life, distinct from death.", 'level': 0}, 'tree_of_echoes': {'title': 'Tree of Echoes', 'description': "An ancient, hollow tree brought here when Lumen was founded. It grew from a seed given by an ancient Astravus, a reminder of the community's heritage.", 'level': 1}}, 'familiars': ['Shadow', 'Barkley', 'Nibble'], 'visible_familiars': [], 'complete': False}}
