Browser cache passed: stale copy replaced online; refreshed copy remains available offline.
Browser scene 01/32: first_memory
Traceback (most recent call last):
  File "/home/kir/Documents/Projects/astravus-visual-novel/Astravus/visual-novel/scripts/browser_smoke.py", line 121, in until
    await asyncio.sleep(.1)
  File "/home/kir/miniconda3/lib/python3.13/asyncio/tasks.py", line 718, in sleep
    return await future
           ^^^^^^^^^^^^
asyncio.exceptions.CancelledError

The above exception was the direct cause of the following exception:

Traceback (most recent call last):
  File "/home/kir/Documents/Projects/astravus-visual-novel/Astravus/visual-novel/scripts/browser_smoke.py", line 708, in <module>
    asyncio.run(check(parser.parse_args().url))
    ~~~~~~~~~~~^^^^^^^^^^^^^^^^^^^^^^^^^^^^^^^^
  File "/home/kir/miniconda3/lib/python3.13/asyncio/runners.py", line 195, in run
    return runner.run(main)
           ~~~~~~~~~~^^^^^^
  File "/home/kir/miniconda3/lib/python3.13/asyncio/runners.py", line 118, in run
    return self._loop.run_until_complete(task)
           ~~~~~~~~~~~~~~~~~~~~~~~~~~~~~^^^^^^
  File "/home/kir/miniconda3/lib/python3.13/asyncio/base_events.py", line 725, in run_until_complete
    return future.result()
           ~~~~~~~~~~~~~^^
  File "/home/kir/Documents/Projects/astravus-visual-novel/Astravus/visual-novel/scripts/browser_smoke.py", line 415, in check
    await click_button("quick_menu", "Glossary")
  File "/home/kir/Documents/Projects/astravus-visual-novel/Astravus/visual-novel/scripts/browser_smoke.py", line 155, in click_button
    await until(f'id(renpy.display.focus.get_focused()) == {widget_id} and not renpy.display.interface.trans_pause and not renpy.display.interface.get_ongoing_transition()')
  File "/home/kir/Documents/Projects/astravus-visual-novel/Astravus/visual-novel/scripts/browser_smoke.py", line 117, in until
    async with asyncio.timeout(seconds):
               ~~~~~~~~~~~~~~~^^^^^^^^^
  File "/home/kir/miniconda3/lib/python3.13/asyncio/timeouts.py", line 116, in __aexit__
    raise TimeoutError from exc_val
TimeoutError
